18:46:59 **** Incremental Build of configuration Debug for project IR_SERVO ****
make -j8 all 
arm-none-eabi-gcc "../Core/Src/main.c" -mcpu=cortex-m4 -std=gnu11 -g3 -DDEBUG -DUSE_HAL_DRIVER -DSTM32F407xx -c -I../Core/Inc -I../Drivers/STM32F4xx_HAL_Driver/Inc -I../Drivers/STM32F4xx_HAL_Driver/Inc/Legacy -I../Drivers/CMSIS/Device/ST/STM32F4xx/Include -I../Drivers/CMSIS/Include -O0 -ffunction-sections -fdata-sections -Wall -fstack-usage -fcyclomatic-complexity -MMD -MP -MF"Core/Src/main.d" -MT"Core/Src/main.o" --specs=nano.specs -mfpu=fpv4-sp-d16 -mfloat-abi=hard -mthumb -o "Core/Src/main.o"
arm-none-eabi-gcc -o "IR_SERVO.elf" @"objects.list"   -mcpu=cortex-m4 -T"/home/sunbeam/Desktop/codes/IR_SERVO/IR_SERVO/STM32F407VGTX_FLASH.ld" --specs=nosys.specs -Wl,-Map="IR_SERVO.map" -Wl,--gc-sections -static --specs=nano.specs -mfpu=fpv4-sp-d16 -mfloat-abi=hard -mthumb -Wl,--start-group -lc -lm -Wl,--end-group
Finished building target: IR_SERVO.elf
 
arm-none-eabi-size  IR_SERVO.elf 
arm-none-eabi-objdump -h -S IR_SERVO.elf  > "IR_SERVO.list"
   text	   data	    bss	    dec	    hex	filename
  13292	     12	   1724	  15028	   3ab4	IR_SERVO.elf
Finished building: default.size.stdout
 
Finished building: IR_SERVO.list
 
18:47:02 **** Incremental Build of configuration Debug for project IR_SERVO ****
make -j8 all 
arm-none-eabi-size  IR_SERVO.elf 
   text	   data	    bss	    dec	    hex	filename
  13292	     12	   1724	  15028	   3ab4	IR_SERVO.elf
Finished building: default.size.stdout
 
18:48:28 **** Incremental Build of configuration Debug for project IR_SERVO ****
make -j8 all 
arm-none-eabi-size  IR_SERVO.elf 
   text	   data	    bss	    dec	    hex	filename
  13292	     12	   1724	  15028	   3ab4	IR_SERVO.elf
Finished building: default.size.stdout
 
