Archive member included to satisfy reference by file (symbol)

/opt/st/stm32cubeide_1.18.0/plugins/com.st.stm32cube.ide.mcu.externaltools.gnu-tools-for-stm32.13.3.rel1.linux64_1.0.0.202410170706/tools/bin/../lib/gcc/arm-none-eabi/13.3.1/../../../../arm-none-eabi/lib/thumb/v7e-m/nofp/libc_nano.a(libc_a-exit.o)
                              /opt/st/stm32cubeide_1.18.0/plugins/com.st.stm32cube.ide.mcu.externaltools.gnu-tools-for-stm32.13.3.rel1.linux64_1.0.0.202410170706/tools/bin/../lib/gcc/arm-none-eabi/13.3.1/../../../../arm-none-eabi/lib/thumb/v7e-m/nofp/crt0.o (exit)
/opt/st/stm32cubeide_1.18.0/plugins/com.st.stm32cube.ide.mcu.externaltools.gnu-tools-for-stm32.13.3.rel1.linux64_1.0.0.202410170706/tools/bin/../lib/gcc/arm-none-eabi/13.3.1/../../../../arm-none-eabi/lib/thumb/v7e-m/nofp/libc_nano.a(libc_a-findfp.o)
                              /opt/st/stm32cubeide_1.18.0/plugins/com.st.stm32cube.ide.mcu.externaltools.gnu-tools-for-stm32.13.3.rel1.linux64_1.0.0.202410170706/tools/bin/../lib/gcc/arm-none-eabi/13.3.1/../../../../arm-none-eabi/lib/thumb/v7e-m/nofp/libc_nano.a(libc_a-exit.o) (__stdio_exit_handler)
/opt/st/stm32cubeide_1.18.0/plugins/com.st.stm32cube.ide.mcu.externaltools.gnu-tools-for-stm32.13.3.rel1.linux64_1.0.0.202410170706/tools/bin/../lib/gcc/arm-none-eabi/13.3.1/../../../../arm-none-eabi/lib/thumb/v7e-m/nofp/libc_nano.a(libc_a-fwalk.o)
                              /opt/st/stm32cubeide_1.18.0/plugins/com.st.stm32cube.ide.mcu.externaltools.gnu-tools-for-stm32.13.3.rel1.linux64_1.0.0.202410170706/tools/bin/../lib/gcc/arm-none-eabi/13.3.1/../../../../arm-none-eabi/lib/thumb/v7e-m/nofp/libc_nano.a(libc_a-findfp.o) (_fwalk_sglue)
/opt/st/stm32cubeide_1.18.0/plugins/com.st.stm32cube.ide.mcu.externaltools.gnu-tools-for-stm32.13.3.rel1.linux64_1.0.0.202410170706/tools/bin/../lib/gcc/arm-none-eabi/13.3.1/../../../../arm-none-eabi/lib/thumb/v7e-m/nofp/libc_nano.a(libc_a-sprintf.o)
                              ./Src/main.o (sprintf)
/opt/st/stm32cubeide_1.18.0/plugins/com.st.stm32cube.ide.mcu.externaltools.gnu-tools-for-stm32.13.3.rel1.linux64_1.0.0.202410170706/tools/bin/../lib/gcc/arm-none-eabi/13.3.1/../../../../arm-none-eabi/lib/thumb/v7e-m/nofp/libc_nano.a(libc_a-stdio.o)
                              /opt/st/stm32cubeide_1.18.0/plugins/com.st.stm32cube.ide.mcu.externaltools.gnu-tools-for-stm32.13.3.rel1.linux64_1.0.0.202410170706/tools/bin/../lib/gcc/arm-none-eabi/13.3.1/../../../../arm-none-eabi/lib/thumb/v7e-m/nofp/libc_nano.a(libc_a-findfp.o) (__sread)
/opt/st/stm32cubeide_1.18.0/plugins/com.st.stm32cube.ide.mcu.externaltools.gnu-tools-for-stm32.13.3.rel1.linux64_1.0.0.202410170706/tools/bin/../lib/gcc/arm-none-eabi/13.3.1/../../../../arm-none-eabi/lib/thumb/v7e-m/nofp/libc_nano.a(libc_a-memset.o)
                              /opt/st/stm32cubeide_1.18.0/plugins/com.st.stm32cube.ide.mcu.externaltools.gnu-tools-for-stm32.13.3.rel1.linux64_1.0.0.202410170706/tools/bin/../lib/gcc/arm-none-eabi/13.3.1/../../../../arm-none-eabi/lib/thumb/v7e-m/nofp/crt0.o (memset)
/opt/st/stm32cubeide_1.18.0/plugins/com.st.stm32cube.ide.mcu.externaltools.gnu-tools-for-stm32.13.3.rel1.linux64_1.0.0.202410170706/tools/bin/../lib/gcc/arm-none-eabi/13.3.1/../../../../arm-none-eabi/lib/thumb/v7e-m/nofp/libc_nano.a(libc_a-closer.o)
                              /opt/st/stm32cubeide_1.18.0/plugins/com.st.stm32cube.ide.mcu.externaltools.gnu-tools-for-stm32.13.3.rel1.linux64_1.0.0.202410170706/tools/bin/../lib/gcc/arm-none-eabi/13.3.1/../../../../arm-none-eabi/lib/thumb/v7e-m/nofp/libc_nano.a(libc_a-stdio.o) (_close_r)
/opt/st/stm32cubeide_1.18.0/plugins/com.st.stm32cube.ide.mcu.externaltools.gnu-tools-for-stm32.13.3.rel1.linux64_1.0.0.202410170706/tools/bin/../lib/gcc/arm-none-eabi/13.3.1/../../../../arm-none-eabi/lib/thumb/v7e-m/nofp/libc_nano.a(libc_a-reent.o)
                              /opt/st/stm32cubeide_1.18.0/plugins/com.st.stm32cube.ide.mcu.externaltools.gnu-tools-for-stm32.13.3.rel1.linux64_1.0.0.202410170706/tools/bin/../lib/gcc/arm-none-eabi/13.3.1/../../../../arm-none-eabi/lib/thumb/v7e-m/nofp/libc_nano.a(libc_a-closer.o) (errno)
/opt/st/stm32cubeide_1.18.0/plugins/com.st.stm32cube.ide.mcu.externaltools.gnu-tools-for-stm32.13.3.rel1.linux64_1.0.0.202410170706/tools/bin/../lib/gcc/arm-none-eabi/13.3.1/../../../../arm-none-eabi/lib/thumb/v7e-m/nofp/libc_nano.a(libc_a-impure.o)
                              /opt/st/stm32cubeide_1.18.0/plugins/com.st.stm32cube.ide.mcu.externaltools.gnu-tools-for-stm32.13.3.rel1.linux64_1.0.0.202410170706/tools/bin/../lib/gcc/arm-none-eabi/13.3.1/../../../../arm-none-eabi/lib/thumb/v7e-m/nofp/libc_nano.a(libc_a-sprintf.o) (_impure_ptr)
/opt/st/stm32cubeide_1.18.0/plugins/com.st.stm32cube.ide.mcu.externaltools.gnu-tools-for-stm32.13.3.rel1.linux64_1.0.0.202410170706/tools/bin/../lib/gcc/arm-none-eabi/13.3.1/../../../../arm-none-eabi/lib/thumb/v7e-m/nofp/libc_nano.a(libc_a-lseekr.o)
[...]
Memory Configuration

Name             Origin             Length             Attributes
CCMRAM           0x10000000         0x00010000         xrw
RAM              0x20000000         0x00020000         xrw
FLASH            0x08000000         0x00100000         xr
*default*        0x00000000         0xffffffff

Linker script and memory map

LOAD /opt/st/stm32cubeide_1.18.0/plugins/com.st.stm32cube.ide.mcu.externaltools.gnu-tools-for-stm32.13.3.rel1.linux64_1.0.0.202410170706/tools/bin/../lib/gcc/arm-none-eabi/13.3.1/thumb/v7e-m/nofp/crti.o
LOAD /opt/st/stm32cubeide_1.18.0/plugins/com.st.stm32cube.ide.mcu.externaltools.gnu-tools-for-stm32.13.3.rel1.linux64_1.0.0.202410170706/tools/bin/../lib/gcc/arm-none-eabi/13.3.1/thumb/v7e-m/nofp/crtbegin.o
LOAD /opt/st/stm32cubeide_1.18.0/plugins/com.st.stm32cube.ide.mcu.externaltools.gnu-tools-for-stm32.13.3.rel1.linux64_1.0.0.202410170706/tools/bin/../lib/gcc/arm-none-eabi/13.3.1/../../../../arm-none-eabi/lib/thumb/v7e-m/nofp/crt0.o
LOAD ./Src/i2c.o
LOAD ./Src/itm.o
LOAD ./Src/lcd.o
LOAD ./Src/main.o
LOAD ./Src/syscalls.o
LOAD ./Src/sysmem.o
LOAD ./Src/system_stm32f4xx.o
LOAD ./Src/ultra.o
LOAD ./Startup/startup_stm32f407vgtx.o
START GROUP
LOAD /opt/st/stm32cubeide_1.18.0/plugins/com.st.stm32cube.ide.mcu.externaltools.gnu-tools-for-stm32.13.3.rel1.linux64_1.0.0.202410170706/tools/bin/../lib/gcc/arm-none-eabi/13.3.1/../../../../arm-none-eabi/lib/thumb/v7e-m/nofp/libc_nano.a
LOAD /opt/st/stm32cubeide_1.18.0/plugins/com.st.stm32cube.ide.mcu.externaltools.gnu-tools-for-stm32.13.3.rel1.linux64_1.0.0.202410170706/tools/bin/../lib/gcc/arm-none-eabi/13.3.1/../../../../arm-none-eabi/lib/thumb/v7e-m/nofp/libm.a
END GROUP
START GROUP
LOAD /opt/st/stm32cubeide_1.18.0/plugins/com.st.stm32cube.ide.mcu.externaltools.gnu-tools-for-stm32.13.3.rel1.linux64_1.0.0.202410170706/tools/bin/../lib/gcc/arm-none-eabi/13.3.1/thumb/v7e-m/nofp/libgcc.a
LOAD /opt/st/stm32cubeide_1.18.0/plugins/com.st.stm32cube.ide.mcu.externaltools.gnu-tools-for-stm32.13.3.rel1.linux64_1.0.0.202410170706/tools/bin/../lib/gcc/arm-none-eabi/13.3.1/../../../../arm-none-eabi/lib/thumb/v7e-m/nofp/libc_nano.a
END GROUP
START GROUP
LOAD /opt/st/stm32cubeide_1.18.0/plugins/com.st.stm32cube.ide.mcu.externaltools.gnu-tools-for-stm32.13.3.rel1.linux64_1.0.0.202410170706/tools/bin/../lib/gcc/arm-none-eabi/13.3.1/thumb/v7e-m/nofp/libgcc.a
LOAD /opt/st/stm32cubeide_1.18.0/plugins/com.st.stm32cube.ide.mcu.externaltools.gnu-tools-for-stm32.13.3.rel1.linux64_1.0.0.202410170706/tools/bin/../lib/gcc/arm-none-eabi/13.3.1/../../../../arm-none-eabi/lib/thumb/v7e-m/nofp/libc_nano.a
LOAD /opt/st/stm32cubeide_1.18.0/plugins/com.st.stm32cube.ide.mcu.externaltools.gnu-tools-for-stm32.13.3.rel1.linux64_1.0.0.202410170706/tools/bin/../lib/gcc/arm-none-eabi/13.3.1/../../../../arm-none-eabi/lib/thumb/v7e-m/nofp/libnosys.a
END GROUP
START GROUP
LOAD /opt/st/stm32cubeide_1.18.0/plugins/com.st.stm32cube.ide.mcu.externaltools.gnu-tools-for-stm32.13.3.rel1.linux64_1.0.0.202410170706/tools/bin/../lib/gcc/arm-none-eabi/13.3.1/thumb/v7e-m/nofp/libgcc.a
LOAD /opt/st/stm32cubeide_1.18.0/plugins/com.st.stm32cube.ide.mcu.externaltools.gnu-tools-for-stm32.13.3.rel1.linux64_1.0.0.202410170706/tools/bin/../lib/gcc/arm-none-eabi/13.3.1/../../../../arm-none-eabi/lib/thumb/v7e-m/nofp/libc_nano.a
LOAD /opt/st/stm32cubeide_1.18.0/plugins/com.st.stm32cube.ide.mcu.externaltools.gnu-tools-for-stm32.13.3.rel1.linux64_1.0.0.202410170706/tools/bin/../lib/gcc/arm-none-eabi/13.3.1/../../../../arm-none-eabi/lib/thumb/v7e-m/nofp/libnosys.a
END GROUP
LOAD /opt/st/stm32cubeide_1.18.0/plugins/com.st.stm32cube.ide.mcu.externaltools.gnu-tools-for-stm32.13.3.rel1.linux64_1.0.0.202410170706/tools/bin/../lib/gcc/arm-none-eabi/13.3.1/thumb/v7e-m/nofp/crtend.o
LOAD /opt/st/stm32cubeide_1.18.0/plugins/com.st.stm32cube.ide.mcu.externaltools.gnu-tools-for-stm32.13.3.rel1.linux64_1.0.0.202410170706/tools/bin/../lib/gcc/arm-none-eabi/13.3.1/thumb/v7e-m/nofp/crtn.o
                0x20020000                        _estack = (ORIGIN (RAM) + LENGTH (RAM))
                0x00000200                        _Min_Heap_Size = 0x200
                0x00000400                        _Min_Stack_Size = 0x400

.isr_vector     0x08000000      0x188
                0x08000000                        . = ALIGN (0x4)
 *(.isr_vector)
 .isr_vector    0x08000000      0x188 ./Startup/startup_stm32f407vgtx.o
                0x08000000                g_pfnVectors
                0x08000188                        . = ALIGN (0x4)

.text           0x08000190     0x16f4
                0x08000190                        . = ALIGN (0x4)
 *(.text)
 .text          0x08000190       0x40 /opt/st/stm32cubeide_1.18.0/plugins/com.st.stm32cube.ide.mcu.externaltools.gnu-tools-for-stm32.13.3.rel1.linux64_1.0.0.202410170706/tools/bin/../lib/gcc/arm-none-eabi/13.3.1/thumb/v7e-m/nofp/crtbegin.o
 .text          0x080001d0       0xa0 /opt/st/stm32cubeide_1.18.0/plugins/com.st.stm32cube.ide.mcu.externaltools.gnu-tools-for-stm32.13.3.rel1.linux64_1.0.0.202410170706/tools/bin/../lib/gcc/arm-none-eabi/13.3.1/../../../../arm-none-eabi/lib/thumb/v7e-m/nofp/libc_nano.a(libc_a-memchr.o)
                0x080001d0                memchr
 .text          0x08000270      0x21c /opt/st/stm32cubeide_1.18.0/plugins/com.st.stm32cube.ide.mcu.externaltools.gnu-tools-for-stm32.13.3.rel1.linux64_1.0.0.202410170706/tools/bin/../lib/gcc/arm-none-eabi/13.3.1/thumb/v7e-m/nofp/libgcc.a(_arm_addsubsf3.o)
                0x08000270                __aeabi_frsub
                0x08000278                __subsf3
                0x08000278                __aeabi_fsub
                0x0800027c                __aeabi_fadd
                0x0800027c                __addsf3
                0x080003dc                __aeabi_ui2f
                0x080003dc                __floatunsisf
                0x080003e4                __aeabi_i2f
                0x080003e4                __floatsisf
                0x08000400                __floatundisf
                0x08000400                __aeabi_ul2f
                0x08000410                __floatdisf
                0x08000410                __aeabi_l2f
 .text          0x0800048c      0x2a0 /opt/st/stm32cubeide_1.18.0/plugins/com.st.stm32cube.ide.mcu.externaltools.gnu-tools-for-stm32.13.3.rel1.linux64_1.0.0.202410170706/tools/bin/../lib/gcc/arm-none-eabi/13.3.1/thumb/v7e-m/nofp/libgcc.a(_arm_muldivsf3.o)
                0x0800048c                __mulsf3
                0x0800048c                __aeabi_fmul
                0x080005f4                __divsf3
                0x080005f4                __aeabi_fdiv
 .text          0x0800072c       0x40 /opt/st/stm32cubeide_1.18.0/plugins/com.st.stm32cube.ide.mcu.externaltools.gnu-tools-for-stm32.13.3.rel1.linux64_1.0.0.202410170706/tools/bin/../lib/gcc/arm-none-eabi/13.3.1/thumb/v7e-m/nofp/libgcc.a(_arm_fixunssfsi.o)
                0x0800072c                __aeabi_f2uiz
                0x0800072c                __fixunssfsi
 *(.text*)
 .text.I2CInit  0x0800076c       0xb8 ./Src/i2c.o
                0x0800076c                I2CInit
 .text.I2CStart
                0x08000824       0x2c ./Src/i2c.o
                0x08000824                I2CStart
 .text.I2CStop  0x08000850       0x2c ./Src/i2c.o
                0x08000850                I2CStop
 .text.I2CSendSlaveAddr
                0x0800087c       0x34 ./Src/i2c.o
                0x0800087c                I2CSendSlaveAddr
 .text.I2CSendData
                0x080008b0       0x3c ./Src/i2c.o
                0x080008b0                I2CSendData
 .text.I2CWrite
                0x080008ec       0x30 ./Src/i2c.o
                0x080008ec                I2CWrite
 .text.DelayMs  0x0800091c       0x50 ./Src/lcd.o
 .text.LcdInit  0x0800096c       0x72 ./Src/lcd.o
                0x0800096c                LcdInit
 .text.LcdWriteNibble
                0x080009de       0x70 ./Src/lcd.o
                0x080009de                LcdWriteNibble
 .text.LcdWriteByte
                0x08000a4e       0x44 ./Src/lcd.o
                0x08000a4e                LcdWriteByte
 .text.LcdPuts  0x08000a92       0x48 ./Src/lcd.o
                0x08000a92                LcdPuts
 *fill*         0x08000ada        0x2 
 .text.DelayMs  0x08000adc       0x50 ./Src/main.o
 .text.main     0x08000b2c       0x50 ./Src/main.o
                0x08000b2c                main
 .text._sbrk    0x08000b7c       0x6c ./Src/sysmem.o
                0x08000b7c                _sbrk
 .text.SystemInit
                0x08000be8        0xc ./Src/system_stm32f4xx.o
                0x08000be8                SystemInit
 .text.DWT_Init
                0x08000bf4       0x60 ./Src/system_stm32f4xx.o
                0x08000bf4                DWT_Init
 .text.Ultra_Init
                0x08000c54      0x120 ./Src/ultra.o
                0x08000c54                Ultra_Init
 .text.Delay_us
                0x08000d74       0x2a ./Src/ultra.o
                0x08000d74                Delay_us
 *fill*         0x08000d9e        0x2 
 .text.Ultra_Trigger
                0x08000da0       0x28 ./Src/ultra.o
                0x08000da0                Ultra_Trigger
 .text.Measure_Echo_Time
                0x08000dc8       0xdc ./Src/ultra.o
                0x08000dc8                Measure_Echo_Time
 .text.Get_Distance_Cm
                0x08000ea4       0x44 ./Src/ultra.o
                0x08000ea4                Get_Distance_Cm
 .text.Reset_Handler
                0x08000ee8       0x50 ./Startup/startup_stm32f407vgtx.o
                0x08000ee8                Reset_Handler
 .text.Default_Handler
                0x08000f38        0x2 ./Startup/startup_stm32f407vgtx.o
                0x08000f38                RTC_Alarm_IRQHandler
                0x08000f38                HASH_RNG_IRQHandler
                0x08000f38                EXTI2_IRQHandler
                0x08000f38                TIM8_CC_IRQHandler
                0x08000f38                DebugMon_Handler
                0x08000f38                TIM1_CC_IRQHandler
                0x08000f38                DMA2_Stream5_IRQHandler
                0x08000f38                HardFault_Handler
                0x08000f38                DMA1_Stream5_IRQHandler
                0x08000f38                SysTick_Handler
                0x08000f38                PVD_IRQHandler
                0x08000f38                SDIO_IRQHandler
                0x08000f38                TAMP_STAMP_IRQHandler
                0x08000f38                PendSV_Handler
                0x08000f38                NMI_Handler
                0x08000f38                CAN2_RX1_IRQHandler
                0x08000f38                EXTI3_IRQHandler
                0x08000f38                TIM8_TRG_COM_TIM14_IRQHandler
                0x08000f38                TIM1_UP_TIM10_IRQHandler
                0x08000f38                TIM8_UP_TIM13_IRQHandler
                0x08000f38                I2C3_ER_IRQHandler
                0x08000f38                EXTI0_IRQHandler
                0x08000f38                I2C2_EV_IRQHandler
                0x08000f38                DMA1_Stream2_IRQHandler
                0x08000f38                CAN1_RX0_IRQHandler
                0x08000f38                FPU_IRQHandler
                0x08000f38                OTG_HS_WKUP_IRQHandler
                0x08000f38                UsageFault_Handler
                0x08000f38                CAN2_SCE_IRQHandler
                0x08000f38                DMA2_Stream2_IRQHandler
                0x08000f38                SPI1_IRQHandler
                0x08000f38                TIM6_DAC_IRQHandler
                0x08000f38                TIM1_BRK_TIM9_IRQHandler
                0x08000f38                DCMI_IRQHandler
                0x08000f38                CAN2_RX0_IRQHandler
                0x08000f38                DMA2_Stream3_IRQHandler
                0x08000f38                USART6_IRQHandler
                0x08000f38                USART3_IRQHandler
                0x08000f38                CRYP_IRQHandler
                0x08000f38                CAN1_RX1_IRQHandler
                0x08000f38                UART5_IRQHandler
                0x08000f38                DMA2_Stream0_IRQHandler
                0x08000f38                TIM4_IRQHandler
                0x08000f38                I2C1_EV_IRQHandler
                0x08000f38                DMA1_Stream6_IRQHandler
                0x08000f38                DMA1_Stream1_IRQHandler
                0x08000f38                UART4_IRQHandler
                0x08000f38                TIM3_IRQHandler
                0x08000f38                RCC_IRQHandler
                0x08000f38                TIM8_BRK_TIM12_IRQHandler
                0x08000f38                Default_Handler
                0x08000f38                EXTI15_10_IRQHandler
                0x08000f38                ADC_IRQHandler
                0x08000f38                DMA1_Stream7_IRQHandler
                0x08000f38                TIM7_IRQHandler
                0x08000f38                CAN2_TX_IRQHandler
                0x08000f38                TIM5_IRQHandler
                0x08000f38                DMA2_Stream7_IRQHandler
                0x08000f38                I2C3_EV_IRQHandler
                0x08000f38                EXTI9_5_IRQHandler
                0x08000f38                RTC_WKUP_IRQHandler
                0x08000f38                ETH_WKUP_IRQHandler
                0x08000f38                SPI2_IRQHandler
                0x08000f38                OTG_HS_EP1_IN_IRQHandler
                0x08000f38                MemManage_Handler
                0x08000f38                DMA1_Stream0_IRQHandler
                0x08000f38                CAN1_TX_IRQHandler
                0x08000f38                SVC_Handler
                0x08000f38                EXTI4_IRQHandler
                0x08000f38                FSMC_IRQHandler
                0x08000f38                ETH_IRQHandler
                0x08000f38                OTG_HS_EP1_OUT_IRQHandler
                0x08000f38                WWDG_IRQHandler
                0x08000f38                TIM2_IRQHandler
                0x08000f38                OTG_FS_WKUP_IRQHandler
                0x08000f38                TIM1_TRG_COM_TIM11_IRQHandler
                0x08000f38                OTG_HS_IRQHandler
                0x08000f38                EXTI1_IRQHandler
                0x08000f38                USART2_IRQHandler
                0x08000f38                I2C2_ER_IRQHandler
                0x08000f38                DMA2_Stream1_IRQHandler
                0x08000f38                CAN1_SCE_IRQHandler
                0x08000f38                DMA2_Stream4_IRQHandler
                0x08000f38                BusFault_Handler
                0x08000f38                USART1_IRQHandler
                0x08000f38                OTG_FS_IRQHandler
                0x08000f38                SPI3_IRQHandler
                0x08000f38                DMA1_Stream4_IRQHandler
                0x08000f38                I2C1_ER_IRQHandler
                0x08000f38                DMA2_Stream6_IRQHandler
                0x08000f38                DMA1_Stream3_IRQHandler
 *fill*         0x08000f3a        0x2 
 .text.sprintf  0x08000f3c       0x44 /opt/st/stm32cubeide_1.18.0/plugins/com.st.stm32cube.ide.mcu.externaltools.gnu-tools-for-stm32.13.3.rel1.linux64_1.0.0.202410170706/tools/bin/../lib/gcc/arm-none-eabi/13.3.1/../../../../arm-none-eabi/lib/thumb/v7e-m/nofp/libc_nano.a(libc_a-sprintf.o)
                0x08000f3c                sprintf
                0x08000f3c                siprintf
 .text.__errno  0x08000f80        0xc /opt/st/stm32cubeide_1.18.0/plugins/com.st.stm32cube.ide.mcu.externaltools.gnu-tools-for-stm32.13.3.rel1.linux64_1.0.0.202410170706/tools/bin/../lib/gcc/arm-none-eabi/13.3.1/../../../../arm-none-eabi/lib/thumb/v7e-m/nofp/libc_nano.a(libc_a-errno.o)
                0x08000f80                __errno
 .text.__libc_init_array
                0x08000f8c       0x48 /opt/st/stm32cubeide_1.18.0/plugins/com.st.stm32cube.ide.mcu.externaltools.gnu-tools-for-stm32.13.3.rel1.linux64_1.0.0.202410170706/tools/bin/../lib/gcc/arm-none-eabi/13.3.1/../../../../arm-none-eabi/lib/thumb/v7e-m/nofp/libc_nano.a(libc_a-init.o)
                0x08000f8c                __libc_init_array
 .text.__retarget_lock_acquire_recursive
                0x08000fd4        0x2 /opt/st/stm32cubeide_1.18.0/plugins/com.st.stm32cube.ide.mcu.externaltools.gnu-tools-for-stm32.13.3.rel1.linux64_1.0.0.202410170706/tools/bin/../lib/gcc/arm-none-eabi/13.3.1/../../../../arm-none-eabi/lib/thumb/v7e-m/nofp/libc_nano.a(libc_a-lock.o)
                0x08000fd4                __retarget_lock_acquire_recursive
 .text.__retarget_lock_release_recursive
                0x08000fd6        0x2 /opt/st/stm32cubeide_1.18.0/plugins/com.st.stm32cube.ide.mcu.externaltools.gnu-tools-for-stm32.13.3.rel1.linux64_1.0.0.202410170706/tools/bin/../lib/gcc/arm-none-eabi/13.3.1/../../../../arm-none-eabi/lib/thumb/v7e-m/nofp/libc_nano.a(libc_a-lock.o)
                0x08000fd6                __retarget_lock_release_recursive
 .text._free_r  0x08000fd8       0x94 /opt/st/stm32cubeide_1.18.0/plugins/com.st.stm32cube.ide.mcu.externaltools.gnu-tools-for-stm32.13.3.rel1.linux64_1.0.0.202410170706/tools/bin/../lib/gcc/arm-none-eabi/13.3.1/../../../../arm-none-eabi/lib/thumb/v7e-m/nofp/libc_nano.a(libc_a-freer.o)
                0x08000fd8                _free_r
 .text.sbrk_aligned
                0x0800106c       0x44 /opt/st/stm32cubeide_1.18.0/plugins/com.st.stm32cube.ide.mcu.externaltools.gnu-tools-for-stm32.13.3.rel1.linux64_1.0.0.202410170706/tools/bin/../lib/gcc/arm-none-eabi/13.3.1/../../../../arm-none-eabi/lib/thumb/v7e-m/nofp/libc_nano.a(libc_a-mallocr.o)
 .text._malloc_r
                0x080010b0      0x100 /opt/st/stm32cubeide_1.18.0/plugins/com.st.stm32cube.ide.mcu.externaltools.gnu-tools-for-stm32.13.3.rel1.linux64_1.0.0.202410170706/tools/bin/../lib/gcc/arm-none-eabi/13.3.1/../../../../arm-none-eabi/lib/thumb/v7e-m/nofp/libc_nano.a(libc_a-mallocr.o)
                0x080010b0                _malloc_r
 .text.__malloc_lock
                0x080011b0        0xc /opt/st/stm32cubeide_1.18.0/plugins/com.st.stm32cube.ide.mcu.externaltools.gnu-tools-for-stm32.13.3.rel1.linux64_1.0.0.202410170706/tools/bin/../lib/gcc/arm-none-eabi/13.3.1/../../../../arm-none-eabi/lib/thumb/v7e-m/nofp/libc_nano.a(libc_a-mlock.o)
                0x080011b0                __malloc_lock
 .text.__malloc_unlock
                0x080011bc        0xc /opt/st/stm32cubeide_1.18.0/plugins/com.st.stm32cube.ide.mcu.externaltools.gnu-tools-for-stm32.13.3.rel1.linux64_1.0.0.202410170706/tools/bin/../lib/gcc/arm-none-eabi/13.3.1/../../../../arm-none-eabi/lib/thumb/v7e-m/nofp/libc_nano.a(libc_a-mlock.o)
                0x080011bc                __malloc_unlock
 .text.__ssputs_r
                0x080011c8       0xb6 /opt/st/stm32cubeide_1.18.0/plugins/com.st.stm32cube.ide.mcu.externaltools.gnu-tools-for-stm32.13.3.rel1.linux64_1.0.0.202410170706/tools/bin/../lib/gcc/arm-none-eabi/13.3.1/../../../../arm-none-eabi/lib/thumb/v7e-m/nofp/libc_nano.a(libc_a-nano-svfprintf.o)
                0x080011c8                __ssputs_r
 *fill*         0x0800127e        0x2 
 .text._svfprintf_r
                0x08001280      0x1f8 /opt/st/stm32cubeide_1.18.0/plugins/com.st.stm32cube.ide.mcu.externaltools.gnu-tools-for-stm32.13.3.rel1.linux64_1.0.0.202410170706/tools/bin/../lib/gcc/arm-none-eabi/13.3.1/../../../../arm-none-eabi/lib/thumb/v7e-m/nofp/libc_nano.a(libc_a-nano-svfprintf.o)
                0x08001280                _svfprintf_r
                0x08001280                _svfiprintf_r
 .text._printf_common
                0x08001478       0xda /opt/st/stm32cubeide_1.18.0/plugins/com.st.stm32cube.ide.mcu.externaltools.gnu-tools-for-stm32.13.3.rel1.linux64_1.0.0.202410170706/tools/bin/../lib/gcc/arm-none-eabi/13.3.1/../../../../arm-none-eabi/lib/thumb/v7e-m/nofp/libc_nano.a(libc_a-nano-vfprintf_i.o)
                0x08001478                _printf_common
 *fill*         0x08001552        0x2 
 .text._printf_i
                0x08001554      0x23c /opt/st/stm32cubeide_1.18.0/plugins/com.st.stm32cube.ide.mcu.externaltools.gnu-tools-for-stm32.13.3.rel1.linux64_1.0.0.202410170706/tools/bin/../lib/gcc/arm-none-eabi/13.3.1/../../../../arm-none-eabi/lib/thumb/v7e-m/nofp/libc_nano.a(libc_a-nano-vfprintf_i.o)
                0x08001554                _printf_i
 .text.memmove  0x08001790       0x34 /opt/st/stm32cubeide_1.18.0/plugins/com.st.stm32cube.ide.mcu.externaltools.gnu-tools-for-stm32.13.3.rel1.linux64_1.0.0.202410170706/tools/bin/../lib/gcc/arm-none-eabi/13.3.1/../../../../arm-none-eabi/lib/thumb/v7e-m/nofp/libc_nano.a(libc_a-memmove.o)
                0x08001790                memmove
 .text._sbrk_r  0x080017c4       0x20 /opt/st/stm32cubeide_1.18.0/plugins/com.st.stm32cube.ide.mcu.externaltools.gnu-tools-for-stm32.13.3.rel1.linux64_1.0.0.202410170706/tools/bin/../lib/gcc/arm-none-eabi/13.3.1/../../../../arm-none-eabi/lib/thumb/v7e-m/nofp/libc_nano.a(libc_a-sbrkr.o)
                0x080017c4                _sbrk_r
 .text.memcpy   0x080017e4       0x1c /opt/st/stm32cubeide_1.18.0/plugins/com.st.stm32cube.ide.mcu.externaltools.gnu-tools-for-stm32.13.3.rel1.linux64_1.0.0.202410170706/tools/bin/../lib/gcc/arm-none-eabi/13.3.1/../../../../arm-none-eabi/lib/thumb/v7e-m/nofp/libc_nano.a(libc_a-memcpy-stub.o)
                0x080017e4                memcpy
 .text._realloc_r
                0x08001800       0x5c /opt/st/stm32cubeide_1.18.0/plugins/com.st.stm32cube.ide.mcu.externaltools.gnu-tools-for-stm32.13.3.rel1.linux64_1.0.0.202410170706/tools/bin/../lib/gcc/arm-none-eabi/13.3.1/../../../../arm-none-eabi/lib/thumb/v7e-m/nofp/libc_nano.a(libc_a-reallocr.o)
                0x08001800                _realloc_r
 .text._malloc_usable_size_r
                0x0800185c       0x10 /opt/st/stm32cubeide_1.18.0/plugins/com.st.stm32cube.ide.mcu.externaltools.gnu-tools-for-stm32.13.3.rel1.linux64_1.0.0.202410170706/tools/bin/../lib/gcc/arm-none-eabi/13.3.1/../../../../arm-none-eabi/lib/thumb/v7e-m/nofp/libc_nano.a(libc_a-msizer.o)
                0x0800185c                _malloc_usable_size_r
 *(.glue_7)
 .glue_7        0x0800186c        0x0 linker stubs
 *(.glue_7t)
 .glue_7t       0x0800186c        0x0 linker stubs
 *(.eh_frame)
 .eh_frame      0x0800186c        0x0 /opt/st/stm32cubeide_1.18.0/plugins/com.st.stm32cube.ide.mcu.externaltools.gnu-tools-for-stm32.13.3.rel1.linux64_1.0.0.202410170706/tools/bin/../lib/gcc/arm-none-eabi/13.3.1/thumb/v7e-m/nofp/crtbegin.o
 *(.init)
 .init          0x0800186c        0x4 /opt/st/stm32cubeide_1.18.0/plugins/com.st.stm32cube.ide.mcu.externaltools.gnu-tools-for-stm32.13.3.rel1.linux64_1.0.0.202410170706/tools/bin/../lib/gcc/arm-none-eabi/13.3.1/thumb/v7e-m/nofp/crti.o
                0x0800186c                _init
 .init          0x08001870        0x8 /opt/st/stm32cubeide_1.18.0/plugins/com.st.stm32cube.ide.mcu.externaltools.gnu-tools-for-stm32.13.3.rel1.linux64_1.0.0.202410170706/tools/bin/../lib/gcc/arm-none-eabi/13.3.1/thumb/v7e-m/nofp/crtn.o
 *(.fini)
 .fini          0x08001878        0x4 /opt/st/stm32cubeide_1.18.0/plugins/com.st.stm32cube.ide.mcu.externaltools.gnu-tools-for-stm32.13.3.rel1.linux64_1.0.0.202410170706/tools/bin/../lib/gcc/arm-none-eabi/13.3.1/thumb/v7e-m/nofp/crti.o
                0x08001878                _fini
 .fini          0x0800187c        0x8 /opt/st/stm32cubeide_1.18.0/plugins/com.st.stm32cube.ide.mcu.externaltools.gnu-tools-for-stm32.13.3.rel1.linux64_1.0.0.202410170706/tools/bin/../lib/gcc/arm-none-eabi/13.3.1/thumb/v7e-m/nofp/crtn.o
                0x08001884                        . = ALIGN (0x4)
                0x08001884                        _etext = .

.vfp11_veneer   0x08001884        0x0
 .vfp11_veneer  0x08001884        0x0 linker stubs

.v4_bx          0x08001884        0x0
 .v4_bx         0x08001884        0x0 linker stubs

.iplt           0x08001884        0x0
 .iplt          0x08001884        0x0 /opt/st/stm32cubeide_1.18.0/plugins/com.st.stm32cube.ide.mcu.externaltools.gnu-tools-for-stm32.13.3.rel1.linux64_1.0.0.202410170706/tools/bin/../lib/gcc/arm-none-eabi/13.3.1/thumb/v7e-m/nofp/crtbegin.o

.rodata         0x08001884       0x50
                0x08001884                        . = ALIGN (0x4)
 *(.rodata)
 .rodata        0x08001884       0x1c ./Src/main.o
 *(.rodata*)
 .rodata._svfprintf_r.str1.1
                0x080018a0       0x33 /opt/st/stm32cubeide_1.18.0/plugins/com.st.stm32cube.ide.mcu.externaltools.gnu-tools-for-stm32.13.3.rel1.linux64_1.0.0.202410170706/tools/bin/../lib/gcc/arm-none-eabi/13.3.1/../../../../arm-none-eabi/lib/thumb/v7e-m/nofp/libc_nano.a(libc_a-nano-svfprintf.o)
                                 0x11 (size before relaxing)
 .rodata._printf_i.str1.1
                0x080018d3       0x22 /opt/st/stm32cubeide_1.18.0/plugins/com.st.stm32cube.ide.mcu.externaltools.gnu-tools-for-stm32.13.3.rel1.linux64_1.0.0.202410170706/tools/bin/../lib/gcc/arm-none-eabi/13.3.1/../../../../arm-none-eabi/lib/thumb/v7e-m/nofp/libc_nano.a(libc_a-nano-vfprintf_i.o)
                0x080018f8                        . = ALIGN (0x4)
 *fill*         0x080018d3        0x1 

.ARM.extab      0x080018d4        0x0
                0x080018d4                        . = ALIGN (0x4)
 *(.ARM.extab* .gnu.linkonce.armextab.*)
                0x080018d4                        . = ALIGN (0x4)

.ARM            0x080018d4        0x8
                0x080018d4                        . = ALIGN (0x4)
                0x080018d4                        __exidx_start = .
 *(.ARM.exidx*)
 .ARM.exidx     0x080018d4        0x8 /opt/st/stm32cubeide_1.18.0/plugins/com.st.stm32cube.ide.mcu.externaltools.gnu-tools-for-stm32.13.3.rel1.linux64_1.0.0.202410170706/tools/bin/../lib/gcc/arm-none-eabi/13.3.1/../../../../arm-none-eabi/lib/thumb/v7e-m/nofp/libc_nano.a(libc_a-memchr.o)
                0x080018dc                        __exidx_end = .
                0x080018dc                        . = ALIGN (0x4)

.preinit_array  0x080018dc        0x0
                0x080018dc                        . = ALIGN (0x4)
                0x080018dc                        PROVIDE (__preinit_array_start = .)
 *(.preinit_array*)
                0x080018dc                        PROVIDE (__preinit_array_end = .)
                0x080018dc                        . = ALIGN (0x4)

.init_array     0x080018dc        0x4
                0x080018dc                        . = ALIGN (0x4)
                0x080018dc                        PROVIDE (__init_array_start = .)
 *(SORT_BY_NAME(.init_array.*))
 *(.init_array*)
 .init_array    0x080018dc        0x4 /opt/st/stm32cubeide_1.18.0/plugins/com.st.stm32cube.ide.mcu.externaltools.gnu-tools-for-stm32.13.3.rel1.linux64_1.0.0.202410170706/tools/bin/../lib/gcc/arm-none-eabi/13.3.1/thumb/v7e-m/nofp/crtbegin.o
                0x080018e0                        PROVIDE (__init_array_end = .)
                0x080018e0                        . = ALIGN (0x4)

.fini_array     0x080018e0        0x4
                0x080018e0                        . = ALIGN (0x4)
                [!provide]                        PROVIDE (__fini_array_start = .)
 *(SORT_BY_NAME(.fini_array.*))
 *(.fini_array*)
 .fini_array    0x080018e0        0x4 /opt/st/stm32cubeide_1.18.0/plugins/com.st.stm32cube.ide.mcu.externaltools.gnu-tools-for-stm32.13.3.rel1.linux64_1.0.0.202410170706/tools/bin/../lib/gcc/arm-none-eabi/13.3.1/thumb/v7e-m/nofp/crtbegin.o
                [!provide]                        PROVIDE (__fini_array_end = .)
                0x080018e4                        . = ALIGN (0x4)
                0x080018e4                        _sidata = LOADADDR (.data)

.rel.dyn        0x080018e4        0x0
 .rel.iplt      0x080018e4        0x0 /opt/st/stm32cubeide_1.18.0/plugins/com.st.stm32cube.ide.mcu.externaltools.gnu-tools-for-stm32.13.3.rel1.linux64_1.0.0.202410170706/tools/bin/../lib/gcc/arm-none-eabi/13.3.1/thumb/v7e-m/nofp/crtbegin.o

.data           0x20000000       0x54 load address 0x080018e4
                0x20000000                        . = ALIGN (0x4)
                0x20000000                        _sdata = .
 *(.data)
 *(.data*)
 .data.SystemCoreClock
                0x20000000        0x4 ./Src/system_stm32f4xx.o
                0x20000000                SystemCoreClock
 .data._impure_ptr
                0x20000004        0x4 /opt/st/stm32cubeide_1.18.0/plugins/com.st.stm32cube.ide.mcu.externaltools.gnu-tools-for-stm32.13.3.rel1.linux64_1.0.0.202410170706/tools/bin/../lib/gcc/arm-none-eabi/13.3.1/../../../../arm-none-eabi/lib/thumb/v7e-m/nofp/libc_nano.a(libc_a-impure.o)
                0x20000004                _impure_ptr
 .data._impure_data
                0x20000008       0x4c /opt/st/stm32cubeide_1.18.0/plugins/com.st.stm32cube.ide.mcu.externaltools.gnu-tools-for-stm32.13.3.rel1.linux64_1.0.0.202410170706/tools/bin/../lib/gcc/arm-none-eabi/13.3.1/../../../../arm-none-eabi/lib/thumb/v7e-m/nofp/libc_nano.a(libc_a-impure.o)
                0x20000008                _impure_data
 *(.RamFunc)
 *(.RamFunc*)
                0x20000054                        . = ALIGN (0x4)
                0x20000054                        _edata = .
                0x08001938                        _siccmram = LOADADDR (.ccmram)

.igot.plt       0x20000054        0x0 load address 0x08001938
 .igot.plt      0x20000054        0x0 /opt/st/stm32cubeide_1.18.0/plugins/com.st.stm32cube.ide.mcu.externaltools.gnu-tools-for-stm32.13.3.rel1.linux64_1.0.0.202410170706/tools/bin/../lib/gcc/arm-none-eabi/13.3.1/thumb/v7e-m/nofp/crtbegin.o

.ccmram         0x10000000        0x0 load address 0x08001938
                0x10000000                        . = ALIGN (0x4)
                0x10000000                        _sccmram = .
 *(.ccmram)
 *(.ccmram*)
                0x10000000                        . = ALIGN (0x4)
                0x10000000                        _eccmram = .
                0x10000000                        . = ALIGN (0x4)

.bss            0x20000054      0x178
                0x20000054                        _sbss = .
                0x20000054                        __bss_start__ = _sbss
 *(.bss)
 .bss           0x20000054       0x1c /opt/st/stm32cubeide_1.18.0/plugins/com.st.stm32cube.ide.mcu.externaltools.gnu-tools-for-stm32.13.3.rel1.linux64_1.0.0.202410170706/tools/bin/../lib/gcc/arm-none-eabi/13.3.1/thumb/v7e-m/nofp/crtbegin.o
 *(.bss*)
 .bss.str       0x20000070       0x10 ./Src/main.o
                0x20000070                str
 .bss.__sbrk_heap_end
                0x20000080        0x4 ./Src/sysmem.o
 .bss.__sf      0x20000084      0x138 /opt/st/stm32cubeide_1.18.0/plugins/com.st.stm32cube.ide.mcu.externaltools.gnu-tools-for-stm32.13.3.rel1.linux64_1.0.0.202410170706/tools/bin/../lib/gcc/arm-none-eabi/13.3.1/../../../../arm-none-eabi/lib/thumb/v7e-m/nofp/libc_nano.a(libc_a-findfp.o)
                0x20000084                __sf
 .bss.errno     0x200001bc        0x4 /opt/st/stm32cubeide_1.18.0/plugins/com.st.stm32cube.ide.mcu.externaltools.gnu-tools-for-stm32.13.3.rel1.linux64_1.0.0.202410170706/tools/bin/../lib/gcc/arm-none-eabi/13.3.1/../../../../arm-none-eabi/lib/thumb/v7e-m/nofp/libc_nano.a(libc_a-reent.o)
                0x200001bc                errno
 .bss.__lock___malloc_recursive_mutex
                0x200001c0        0x1 /opt/st/stm32cubeide_1.18.0/plugins/com.st.stm32cube.ide.mcu.externaltools.gnu-tools-for-stm32.13.3.rel1.linux64_1.0.0.202410170706/tools/bin/../lib/gcc/arm-none-eabi/13.3.1/../../../../arm-none-eabi/lib/thumb/v7e-m/nofp/libc_nano.a(libc_a-lock.o)
                0x200001c0                __lock___malloc_recursive_mutex
 *fill*         0x200001c1        0x3 
 .bss.__malloc_sbrk_start
                0x200001c4        0x4 /opt/st/stm32cubeide_1.18.0/plugins/com.st.stm32cube.ide.mcu.externaltools.gnu-tools-for-stm32.13.3.rel1.linux64_1.0.0.202410170706/tools/bin/../lib/gcc/arm-none-eabi/13.3.1/../../../../arm-none-eabi/lib/thumb/v7e-m/nofp/libc_nano.a(libc_a-mallocr.o)
                0x200001c4                __malloc_sbrk_start
 .bss.__malloc_free_list
                0x200001c8        0x4 /opt/st/stm32cubeide_1.18.0/plugins/com.st.stm32cube.ide.mcu.externaltools.gnu-tools-for-stm32.13.3.rel1.linux64_1.0.0.202410170706/tools/bin/../lib/gcc/arm-none-eabi/13.3.1/../../../../arm-none-eabi/lib/thumb/v7e-m/nofp/libc_nano.a(libc_a-mallocr.o)
                0x200001c8                __malloc_free_list
 *(COMMON)
                0x200001cc                        . = ALIGN (0x4)
                0x200001cc                        _ebss = .
                0x200001cc                        __bss_end__ = _ebss

._user_heap_stack
                0x200001cc      0x604
                0x200001d0                        . = ALIGN (0x8)
 *fill*         0x200001cc        0x4 
                [!provide]                        PROVIDE (end = .)
                0x200001d0                        PROVIDE (_end = .)
                0x200003d0                        . = (. + _Min_Heap_Size)
 *fill*         0x200001d0      0x200 
                0x200007d0                        . = (. + _Min_Stack_Size)
 *fill*         0x200003d0      0x400 
                0x200007d0                        . = ALIGN (0x8)

/DISCARD/
 libc.a(*)
 libm.a(*)
 libgcc.a(*)

.ARM.attributes
                0x00000000       0x2a
 *(.ARM.attributes)
 .ARM.attributes
                0x00000000       0x1e /opt/st/stm32cubeide_1.18.0/plugins/com.st.stm32cube.ide.mcu.externaltools.gnu-tools-for-stm32.13.3.rel1.linux64_1.0.0.202410170706/tools/bin/../lib/gcc/arm-none-eabi/13.3.1/thumb/v7e-m/nofp/crti.o
 .ARM.attributes
                0x0000001e       0x2e /opt/st/stm32cubeide_1.18.0/plugins/com.st.stm32cube.ide.mcu.externaltools.gnu-tools-for-stm32.13.3.rel1.linux64_1.0.0.202410170706/tools/bin/../lib/gcc/arm-none-eabi/13.3.1/thumb/v7e-m/nofp/crtbegin.o
 .ARM.attributes
                0x0000004c       0x2e ./Src/i2c.o
 .ARM.attributes
                0x0000007a       0x2e ./Src/lcd.o
 .ARM.attributes
                0x000000a8       0x2e ./Src/main.o
 .ARM.attributes
                0x000000d6       0x2e ./Src/sysmem.o
 .ARM.attributes
                0x00000104       0x2e ./Src/system_stm32f4xx.o
 .ARM.attributes
                0x00000132       0x2e ./Src/ultra.o
 .ARM.attributes
                0x00000160       0x21 ./Startup/startup_stm32f407vgtx.o
 .ARM.attributes
                0x00000181       0x2e /opt/st/stm32cubeide_1.18.0/plugins/com.st.stm32cube.ide.mcu.externaltools.gnu-tools-for-stm32.13.3.rel1.linux64_1.0.0.202410170706/tools/bin/../lib/gcc/arm-none-eabi/13.3.1/../../../../arm-none-eabi/lib/thumb/v7e-m/nofp/libc_nano.a(libc_a-findfp.o)
 .ARM.attributes
                0x000001af       0x2e /opt/st/stm32cubeide_1.18.0/plugins/com.st.stm32cube.ide.mcu.externaltools.gnu-tools-for-stm32.13.3.rel1.linux64_1.0.0.202410170706/tools/bin/../lib/gcc/arm-none-eabi/13.3.1/../../../../arm-none-eabi/lib/thumb/v7e-m/nofp/libc_nano.a(libc_a-sprintf.o)
 .ARM.attributes
                0x000001dd       0x2e /opt/st/stm32cubeide_1.18.0/plugins/com.st.stm32cube.ide.mcu.externaltools.gnu-tools-for-stm32.13.3.rel1.linux64_1.0.0.202410170706/tools/bin/../lib/gcc/arm-none-eabi/13.3.1/../../../../arm-none-eabi/lib/thumb/v7e-m/nofp/libc_nano.a(libc_a-reent.o)
 .ARM.attributes
                0x0000020b       0x2e /opt/st/stm32cubeide_1.18.0/plugins/com.st.stm32cube.ide.mcu.externaltools.gnu-tools-for-stm32.13.3.rel1.linux64_1.0.0.202410170706/tools/bin/../lib/gcc/arm-none-eabi/13.3.1/../../../../arm-none-eabi/lib/thumb/v7e-m/nofp/libc_nano.a(libc_a-impure.o)
 .ARM.attributes
                0x00000239       0x2e /opt/st/stm32cubeide_1.18.0/plugins/com.st.stm32cube.ide.mcu.externaltools.gnu-tools-for-stm32.13.3.rel1.linux64_1.0.0.202410170706/tools/bin/../lib/gcc/arm-none-eabi/13.3.1/../../../../arm-none-eabi/lib/thumb/v7e-m/nofp/libc_nano.a(libc_a-errno.o)
 .ARM.attributes
                0x00000267       0x2e /opt/st/stm32cubeide_1.18.0/plugins/com.st.stm32cube.ide.mcu.externaltools.gnu-tools-for-stm32.13.3.rel1.linux64_1.0.0.202410170706/tools/bin/../lib/gcc/arm-none-eabi/13.3.1/../../../../arm-none-eabi/lib/thumb/v7e-m/nofp/libc_nano.a(libc_a-init.o)
 .ARM.attributes
                0x00000295       0x2e /opt/st/stm32cubeide_1.18.0/plugins/com.st.stm32cube.ide.mcu.externaltools.gnu-tools-for-stm32.13.3.rel1.linux64_1.0.0.202410170706/tools/bin/../lib/gcc/arm-none-eabi/13.3.1/../../../../arm-none-eabi/lib/thumb/v7e-m/nofp/libc_nano.a(libc_a-lock.o)
 .ARM.attributes
                0x000002c3       0x2e /opt/st/stm32cubeide_1.18.0/plugins/com.st.stm32cube.ide.mcu.externaltools.gnu-tools-for-stm32.13.3.rel1.linux64_1.0.0.202410170706/tools/bin/../lib/gcc/arm-none-eabi/13.3.1/../../../../arm-none-eabi/lib/thumb/v7e-m/nofp/libc_nano.a(libc_a-freer.o)
 .ARM.attributes
                0x000002f1       0x2e /opt/st/stm32cubeide_1.18.0/plugins/com.st.stm32cube.ide.mcu.externaltools.gnu-tools-for-stm32.13.3.rel1.linux64_1.0.0.202410170706/tools/bin/../lib/gcc/arm-none-eabi/13.3.1/../../../../arm-none-eabi/lib/thumb/v7e-m/nofp/libc_nano.a(libc_a-mallocr.o)
 .ARM.attributes
                0x0000031f       0x2e /opt/st/stm32cubeide_1.18.0/plugins/com.st.stm32cube.ide.mcu.externaltools.gnu-tools-for-stm32.13.3.rel1.linux64_1.0.0.202410170706/tools/bin/../lib/gcc/arm-none-eabi/13.3.1/../../../../arm-none-eabi/lib/thumb/v7e-m/nofp/libc_nano.a(libc_a-mlock.o)
 .ARM.attributes
                0x0000034d       0x2e /opt/st/stm32cubeide_1.18.0/plugins/com.st.stm32cube.ide.mcu.externaltools.gnu-tools-for-stm32.13.3.rel1.linux64_1.0.0.202410170706/tools/bin/../lib/gcc/arm-none-eabi/13.3.1/../../../../arm-none-eabi/lib/thumb/v7e-m/nofp/libc_nano.a(libc_a-nano-svfprintf.o)
 .ARM.attributes
                0x0000037b       0x2e /opt/st/stm32cubeide_1.18.0/plugins/com.st.stm32cube.ide.mcu.externaltools.gnu-tools-for-stm32.13.3.rel1.linux64_1.0.0.202410170706/tools/bin/../lib/gcc/arm-none-eabi/13.3.1/../../../../arm-none-eabi/lib/thumb/v7e-m/nofp/libc_nano.a(libc_a-nano-vfprintf_i.o)
 .ARM.attributes
                0x000003a9       0x2e /opt/st/stm32cubeide_1.18.0/plugins/com.st.stm32cube.ide.mcu.externaltools.gnu-tools-for-stm32.13.3.rel1.linux64_1.0.0.202410170706/tools/bin/../lib/gcc/arm-none-eabi/13.3.1/../../../../arm-none-eabi/lib/thumb/v7e-m/nofp/libc_nano.a(libc_a-memmove.o)
 .ARM.attributes
                0x000003d7       0x2e /opt/st/stm32cubeide_1.18.0/plugins/com.st.stm32cube.ide.mcu.externaltools.gnu-tools-for-stm32.13.3.rel1.linux64_1.0.0.202410170706/tools/bin/../lib/gcc/arm-none-eabi/13.3.1/../../../../arm-none-eabi/lib/thumb/v7e-m/nofp/libc_nano.a(libc_a-sbrkr.o)
 .ARM.attributes
                0x00000405       0x1c /opt/st/stm32cubeide_1.18.0/plugins/com.st.stm32cube.ide.mcu.externaltools.gnu-tools-for-stm32.13.3.rel1.linux64_1.0.0.202410170706/tools/bin/../lib/gcc/arm-none-eabi/13.3.1/../../../../arm-none-eabi/lib/thumb/v7e-m/nofp/libc_nano.a(libc_a-memchr.o)
 .ARM.attributes
                0x00000421       0x2e /opt/st/stm32cubeide_1.18.0/plugins/com.st.stm32cube.ide.mcu.externaltools.gnu-tools-for-stm32.13.3.rel1.linux64_1.0.0.202410170706/tools/bin/../lib/gcc/arm-none-eabi/13.3.1/../../../../arm-none-eabi/lib/thumb/v7e-m/nofp/libc_nano.a(libc_a-memcpy-stub.o)
 .ARM.attributes
                0x0000044f       0x2e /opt/st/stm32cubeide_1.18.0/plugins/com.st.stm32cube.ide.mcu.externaltools.gnu-tools-for-stm32.13.3.rel1.linux64_1.0.0.202410170706/tools/bin/../lib/gcc/arm-none-eabi/13.3.1/../../../../arm-none-eabi/lib/thumb/v7e-m/nofp/libc_nano.a(libc_a-reallocr.o)
 .ARM.attributes
                0x0000047d       0x2e /opt/st/stm32cubeide_1.18.0/plugins/com.st.stm32cube.ide.mcu.externaltools.gnu-tools-for-stm32.13.3.rel1.linux64_1.0.0.202410170706/tools/bin/../lib/gcc/arm-none-eabi/13.3.1/../../../../arm-none-eabi/lib/thumb/v7e-m/nofp/libc_nano.a(libc_a-msizer.o)
 .ARM.attributes
                0x000004ab       0x1e /opt/st/stm32cubeide_1.18.0/plugins/com.st.stm32cube.ide.mcu.externaltools.gnu-tools-for-stm32.13.3.rel1.linux64_1.0.0.202410170706/tools/bin/../lib/gcc/arm-none-eabi/13.3.1/thumb/v7e-m/nofp/libgcc.a(_arm_addsubsf3.o)
 .ARM.attributes
                0x000004c9       0x1e /opt/st/stm32cubeide_1.18.0/plugins/com.st.stm32cube.ide.mcu.externaltools.gnu-tools-for-stm32.13.3.rel1.linux64_1.0.0.202410170706/tools/bin/../lib/gcc/arm-none-eabi/13.3.1/thumb/v7e-m/nofp/libgcc.a(_arm_muldivsf3.o)
 .ARM.attributes
                0x000004e7       0x1e /opt/st/stm32cubeide_1.18.0/plugins/com.st.stm32cube.ide.mcu.externaltools.gnu-tools-for-stm32.13.3.rel1.linux64_1.0.0.202410170706/tools/bin/../lib/gcc/arm-none-eabi/13.3.1/thumb/v7e-m/nofp/libgcc.a(_arm_fixunssfsi.o)
 .ARM.attributes
                0x00000505       0x1e /opt/st/stm32cubeide_1.18.0/plugins/com.st.stm32cube.ide.mcu.externaltools.gnu-tools-for-stm32.13.3.rel1.linux64_1.0.0.202410170706/tools/bin/../lib/gcc/arm-none-eabi/13.3.1/thumb/v7e-m/nofp/crtn.o
OUTPUT(ultra_baremetal.elf elf32-littlearm)
LOAD linker stubs
LOAD /opt/st/stm32cubeide_1.18.0/plugins/com.st.stm32cube.ide.mcu.externaltools.gnu-tools-for-stm32.13.3.rel1.linux64_1.0.0.202410170706/tools/bin/../lib/gcc/arm-none-eabi/13.3.1/../../../../arm-none-eabi/lib/thumb/v7e-m/nofp/libc.a
LOAD /opt/st/stm32cubeide_1.18.0/plugins/com.st.stm32cube.ide.mcu.externaltools.gnu-tools-for-stm32.13.3.rel1.linux64_1.0.0.202410170706/tools/bin/../lib/gcc/arm-none-eabi/13.3.1/../../../../arm-none-eabi/lib/thumb/v7e-m/nofp/libm.a
LOAD /opt/st/stm32cubeide_1.18.0/plugins/com.st.stm32cube.ide.mcu.externaltools.gnu-tools-for-stm32.13.3.rel1.linux64_1.0.0.202410170706/tools/bin/../lib/gcc/arm-none-eabi/13.3.1/thumb/v7e-m/nofp/libgcc.a

.debug_info     0x00000000     0x15bf
 .debug_info    0x00000000      0x426 ./Src/i2c.o
 .debug_info    0x00000426      0x354 ./Src/lcd.o
 .debug_info    0x0000077a      0x305 ./Src/main.o
 .debug_info    0x00000a7f      0x168 ./Src/sysmem.o
 .debug_info    0x00000be7      0x546 ./Src/system_stm32f4xx.o
 .debug_info    0x0000112d      0x462 ./Src/ultra.o
 .debug_info    0x0000158f       0x30 ./Startup/startup_stm32f407vgtx.o

.debug_abbrev   0x00000000      0x7c5
 .debug_abbrev  0x00000000      0x138 ./Src/i2c.o
 .debug_abbrev  0x00000138      0x173 ./Src/lcd.o
 .debug_abbrev  0x000002ab      0x17e ./Src/main.o
 .debug_abbrev  0x00000429       0xbc ./Src/sysmem.o
 .debug_abbrev  0x000004e5      0x163 ./Src/system_stm32f4xx.o
 .debug_abbrev  0x00000648      0x159 ./Src/ultra.o
 .debug_abbrev  0x000007a1       0x24 ./Startup/startup_stm32f407vgtx.o

.debug_aranges  0x00000000      0x188
 .debug_aranges
                0x00000000       0x60 ./Src/i2c.o
 .debug_aranges
                0x00000060       0x40 ./Src/lcd.o
 .debug_aranges
                0x000000a0       0x28 ./Src/main.o
 .debug_aranges
                0x000000c8       0x20 ./Src/sysmem.o
 .debug_aranges
                0x000000e8       0x38 ./Src/system_stm32f4xx.o
 .debug_aranges
                0x00000120       0x40 ./Src/ultra.o
 .debug_aranges
                0x00000160       0x28 ./Startup/startup_stm32f407vgtx.o

.debug_rnglists
                0x00000000      0x107
 .debug_rnglists
                0x00000000       0x44 ./Src/i2c.o
 .debug_rnglists
                0x00000044       0x2b ./Src/lcd.o
 .debug_rnglists
                0x0000006f       0x19 ./Src/main.o
 .debug_rnglists
                0x00000088       0x13 ./Src/sysmem.o
 .debug_rnglists
                0x0000009b       0x26 ./Src/system_stm32f4xx.o
 .debug_rnglists
                0x000000c1       0x2d ./Src/ultra.o
 .debug_rnglists
                0x000000ee       0x19 ./Startup/startup_stm32f407vgtx.o

.debug_macro    0x00000000    0x19452
 .debug_macro   0x00000000       0xd8 ./Src/i2c.o
 .debug_macro   0x000000d8      0xad8 ./Src/i2c.o
 .debug_macro   0x00000bb0       0x2e ./Src/i2c.o
 .debug_macro   0x00000bde       0x2f ./Src/i2c.o
 .debug_macro   0x00000c0d       0x22 ./Src/i2c.o
 .debug_macro   0x00000c2f       0x8e ./Src/i2c.o
 .debug_macro   0x00000cbd       0x51 ./Src/i2c.o
 .debug_macro   0x00000d0e      0x103 ./Src/i2c.o
 .debug_macro   0x00000e11       0x6a ./Src/i2c.o
 .debug_macro   0x00000e7b      0x1df ./Src/i2c.o
 .debug_macro   0x0000105a       0x1c ./Src/i2c.o
 .debug_macro   0x00001076       0x22 ./Src/i2c.o
 .debug_macro   0x00001098       0xd9 ./Src/i2c.o
 .debug_macro   0x00001171     0x102d ./Src/i2c.o
 .debug_macro   0x0000219e      0x11f ./Src/i2c.o
 .debug_macro   0x000022bd    0x15e3c ./Src/i2c.o
 .debug_macro   0x000180f9       0x4a ./Src/i2c.o
 .debug_macro   0x00018143       0xe7 ./Src/lcd.o
 .debug_macro   0x0001822a       0x64 ./Src/lcd.o
 .debug_macro   0x0001828e      0x1d2 ./Src/main.o
 .debug_macro   0x00018460       0x61 ./Src/main.o
 .debug_macro   0x000184c1       0x24 ./Src/main.o
 .debug_macro   0x000184e5       0x43 ./Src/main.o
 .debug_macro   0x00018528       0x34 ./Src/main.o
 .debug_macro   0x0001855c       0x16 ./Src/main.o
 .debug_macro   0x00018572       0x9e ./Src/main.o
 .debug_macro   0x00018610      0x370 ./Src/main.o
 .debug_macro   0x00018980      0x112 ./Src/main.o
 .debug_macro   0x00018a92       0x10 ./Src/main.o
 .debug_macro   0x00018aa2       0x16 ./Src/main.o
 .debug_macro   0x00018ab8       0x4a ./Src/main.o
 .debug_macro   0x00018b02       0x34 ./Src/main.o
 .debug_macro   0x00018b36       0x10 ./Src/main.o
 .debug_macro   0x00018b46       0x58 ./Src/main.o
 .debug_macro   0x00018b9e       0x8e ./Src/main.o
 .debug_macro   0x00018c2c       0x1c ./Src/main.o
 .debug_macro   0x00018c48      0x185 ./Src/main.o
 .debug_macro   0x00018dcd       0x16 ./Src/main.o
 .debug_macro   0x00018de3       0x16 ./Src/main.o
 .debug_macro   0x00018df9      0x146 ./Src/main.o
 .debug_macro   0x00018f3f      0x112 ./Src/sysmem.o
 .debug_macro   0x00019051      0x23c ./Src/sysmem.o
 .debug_macro   0x0001928d       0xe1 ./Src/system_stm32f4xx.o
 .debug_macro   0x0001936e       0xe4 ./Src/ultra.o

.debug_line     0x00000000     0x1f8f
 .debug_line    0x00000000      0x5c1 ./Src/i2c.o
 .debug_line    0x000005c1      0x4c0 ./Src/lcd.o
 .debug_line    0x00000a81      0x592 ./Src/main.o
 .debug_line    0x00001013      0x4b8 ./Src/sysmem.o
 .debug_line    0x000014cb      0x4d0 ./Src/system_stm32f4xx.o
 .debug_line    0x0000199b      0x579 ./Src/ultra.o
 .debug_line    0x00001f14       0x7b ./Startup/startup_stm32f407vgtx.o

.debug_str      0x00000000    0x8bf68
 .debug_str     0x00000000    0x8bf68 ./Src/i2c.o
                              0x87d66 (size before relaxing)
 .debug_str     0x0008bf68    0x87de1 ./Src/lcd.o
 .debug_str     0x0008bf68    0x8b8f1 ./Src/main.o
 .debug_str     0x0008bf68     0x774c ./Src/sysmem.o
 .debug_str     0x0008bf68    0x87e2d ./Src/system_stm32f4xx.o
 .debug_str     0x0008bf68    0x87d67 ./Src/ultra.o
 .debug_str     0x0008bf68       0x78 ./Startup/startup_stm32f407vgtx.o

.comment        0x00000000       0x43
 .comment       0x00000000       0x43 ./Src/i2c.o
                                 0x44 (size before relaxing)
 .comment       0x00000043       0x44 ./Src/lcd.o
 .comment       0x00000043       0x44 ./Src/main.o
 .comment       0x00000043       0x44 ./Src/sysmem.o
 .comment       0x00000043       0x44 ./Src/system_stm32f4xx.o
 .comment       0x00000043       0x44 ./Src/ultra.o

.debug_frame    0x00000000      0x9e4
 .debug_frame   0x00000000      0x140 ./Src/i2c.o
 .debug_frame   0x00000140       0xc0 ./Src/lcd.o
 .debug_frame   0x00000200       0x58 ./Src/main.o
 .debug_frame   0x00000258       0x34 ./Src/sysmem.o
 .debug_frame   0x0000028c       0x84 ./Src/system_stm32f4xx.o
 .debug_frame   0x00000310       0xc0 ./Src/ultra.o
 .debug_frame   0x000003d0      0x144 /opt/st/stm32cubeide_1.18.0/plugins/com.st.stm32cube.ide.mcu.externaltools.gnu-tools-for-stm32.13.3.rel1.linux64_1.0.0.202410170706/tools/bin/../lib/gcc/arm-none-eabi/13.3.1/../../../../arm-none-eabi/lib/thumb/v7e-m/nofp/libc_nano.a(libc_a-findfp.o)
 .debug_frame   0x00000514       0x74 /opt/st/stm32cubeide_1.18.0/plugins/com.st.stm32cube.ide.mcu.externaltools.gnu-tools-for-stm32.13.3.rel1.linux64_1.0.0.202410170706/tools/bin/../lib/gcc/arm-none-eabi/13.3.1/../../../../arm-none-eabi/lib/thumb/v7e-m/nofp/libc_nano.a(libc_a-sprintf.o)
 .debug_frame   0x00000588       0x38 /opt/st/stm32cubeide_1.18.0/plugins/com.st.stm32cube.ide.mcu.externaltools.gnu-tools-for-stm32.13.3.rel1.linux64_1.0.0.202410170706/tools/bin/../lib/gcc/arm-none-eabi/13.3.1/../../../../arm-none-eabi/lib/thumb/v7e-m/nofp/libc_nano.a(libc_a-reent.o)
 .debug_frame   0x000005c0       0x20 /opt/st/stm32cubeide_1.18.0/plugins/com.st.stm32cube.ide.mcu.externaltools.gnu-tools-for-stm32.13.3.rel1.linux64_1.0.0.202410170706/tools/bin/../lib/gcc/arm-none-eabi/13.3.1/../../../../arm-none-eabi/lib/thumb/v7e-m/nofp/libc_nano.a(libc_a-errno.o)
 .debug_frame   0x000005e0       0x2c /opt/st/stm32cubeide_1.18.0/plugins/com.st.stm32cube.ide.mcu.externaltools.gnu-tools-for-stm32.13.3.rel1.linux64_1.0.0.202410170706/tools/bin/../lib/gcc/arm-none-eabi/13.3.1/../../../../arm-none-eabi/lib/thumb/v7e-m/nofp/libc_nano.a(libc_a-init.o)
 .debug_frame   0x0000060c       0xb0 /opt/st/stm32cubeide_1.18.0/plugins/com.st.stm32cube.ide.mcu.externaltools.gnu-tools-for-stm32.13.3.rel1.linux64_1.0.0.202410170706/tools/bin/../lib/gcc/arm-none-eabi/13.3.1/../../../../arm-none-eabi/lib/thumb/v7e-m/nofp/libc_nano.a(libc_a-lock.o)
 .debug_frame   0x000006bc       0x38 /opt/st/stm32cubeide_1.18.0/plugins/com.st.stm32cube.ide.mcu.externaltools.gnu-tools-for-stm32.13.3.rel1.linux64_1.0.0.202410170706/tools/bin/../lib/gcc/arm-none-eabi/13.3.1/../../../../arm-none-eabi/lib/thumb/v7e-m/nofp/libc_nano.a(libc_a-freer.o)
 .debug_frame   0x000006f4       0x50 /opt/st/stm32cubeide_1.18.0/plugins/com.st.stm32cube.ide.mcu.externaltools.gnu-tools-for-stm32.13.3.rel1.linux64_1.0.0.202410170706/tools/bin/../lib/gcc/arm-none-eabi/13.3.1/../../../../arm-none-eabi/lib/thumb/v7e-m/nofp/libc_nano.a(libc_a-mallocr.o)
 .debug_frame   0x00000744       0x30 /opt/st/stm32cubeide_1.18.0/plugins/com.st.stm32cube.ide.mcu.externaltools.gnu-tools-for-stm32.13.3.rel1.linux64_1.0.0.202410170706/tools/bin/../lib/gcc/arm-none-eabi/13.3.1/../../../../arm-none-eabi/lib/thumb/v7e-m/nofp/libc_nano.a(libc_a-mlock.o)
 .debug_frame   0x00000774       0x90 /opt/st/stm32cubeide_1.18.0/plugins/com.st.stm32cube.ide.mcu.externaltools.gnu-tools-for-stm32.13.3.rel1.linux64_1.0.0.202410170706/tools/bin/../lib/gcc/arm-none-eabi/13.3.1/../../../../arm-none-eabi/lib/thumb/v7e-m/nofp/libc_nano.a(libc_a-nano-svfprintf.o)
 .debug_frame   0x00000804       0x60 /opt/st/stm32cubeide_1.18.0/plugins/com.st.stm32cube.ide.mcu.externaltools.gnu-tools-for-stm32.13.3.rel1.linux64_1.0.0.202410170706/tools/bin/../lib/gcc/arm-none-eabi/13.3.1/../../../../arm-none-eabi/lib/thumb/v7e-m/nofp/libc_nano.a(libc_a-nano-vfprintf_i.o)
 .debug_frame   0x00000864       0x28 /opt/st/stm32cubeide_1.18.0/plugins/com.st.stm32cube.ide.mcu.externaltools.gnu-tools-for-stm32.13.3.rel1.linux64_1.0.0.202410170706/tools/bin/../lib/gcc/arm-none-eabi/13.3.1/../../../../arm-none-eabi/lib/thumb/v7e-m/nofp/libc_nano.a(libc_a-memmove.o)
 .debug_frame   0x0000088c       0x2c /opt/st/stm32cubeide_1.18.0/plugins/com.st.stm32cube.ide.mcu.externaltools.gnu-tools-for-stm32.13.3.rel1.linux64_1.0.0.202410170706/tools/bin/../lib/gcc/arm-none-eabi/13.3.1/../../../../arm-none-eabi/lib/thumb/v7e-m/nofp/libc_nano.a(libc_a-sbrkr.o)
 .debug_frame   0x000008b8       0x28 /opt/st/stm32cubeide_1.18.0/plugins/com.st.stm32cube.ide.mcu.externaltools.gnu-tools-for-stm32.13.3.rel1.linux64_1.0.0.202410170706/tools/bin/../lib/gcc/arm-none-eabi/13.3.1/../../../../arm-none-eabi/lib/thumb/v7e-m/nofp/libc_nano.a(libc_a-memcpy-stub.o)
 .debug_frame   0x000008e0       0x3c /opt/st/stm32cubeide_1.18.0/plugins/com.st.stm32cube.ide.mcu.externaltools.gnu-tools-for-stm32.13.3.rel1.linux64_1.0.0.202410170706/tools/bin/../lib/gcc/arm-none-eabi/13.3.1/../../../../arm-none-eabi/lib/thumb/v7e-m/nofp/libc_nano.a(libc_a-reallocr.o)
 .debug_frame   0x0000091c       0x20 /opt/st/stm32cubeide_1.18.0/plugins/com.st.stm32cube.ide.mcu.externaltools.gnu-tools-for-stm32.13.3.rel1.linux64_1.0.0.202410170706/tools/bin/../lib/gcc/arm-none-eabi/13.3.1/../../../../arm-none-eabi/lib/thumb/v7e-m/nofp/libc_nano.a(libc_a-msizer.o)
 .debug_frame   0x0000093c       0x4c /opt/st/stm32cubeide_1.18.0/plugins/com.st.stm32cube.ide.mcu.externaltools.gnu-tools-for-stm32.13.3.rel1.linux64_1.0.0.202410170706/tools/bin/../lib/gcc/arm-none-eabi/13.3.1/thumb/v7e-m/nofp/libgcc.a(_arm_addsubsf3.o)
 .debug_frame   0x00000988       0x38 /opt/st/stm32cubeide_1.18.0/plugins/com.st.stm32cube.ide.mcu.externaltools.gnu-tools-for-stm32.13.3.rel1.linux64_1.0.0.202410170706/tools/bin/../lib/gcc/arm-none-eabi/13.3.1/thumb/v7e-m/nofp/libgcc.a(_arm_muldivsf3.o)
 .debug_frame   0x000009c0       0x24 /opt/st/stm32cubeide_1.18.0/plugins/com.st.stm32cube.ide.mcu.externaltools.gnu-tools-for-stm32.13.3.rel1.linux64_1.0.0.202410170706/tools/bin/../lib/gcc/arm-none-eabi/13.3.1/thumb/v7e-m/nofp/libgcc.a(_arm_fixunssfsi.o)

.debug_loclists
                0x00000000       0x25
 .debug_loclists
                0x00000000       0x25 ./Src/system_stm32f4xx.o

.debug_line_str
                0x00000000       0x5c
 .debug_line_str
                0x00000000       0x5c ./Startup/startup_stm32f407vgtx.o
