16:29:02 **** Incremental Build of configuration Debug for project MQ2_intr ****
make -j8 all 
arm-none-eabi-gcc "../Core/Src/main.c" -mcpu=cortex-m4 -std=gnu11 -g3 -DDEBUG -DUSE_HAL_DRIVER -DSTM32F407xx -c -I../Core/Inc -I../Drivers/STM32F4xx_HAL_Driver/Inc -I../Drivers/STM32F4xx_HAL_Driver/Inc/Legacy -I../Drivers/CMSIS/Device/ST/STM32F4xx/Include -I../Drivers/CMSIS/Include -O0 -ffunction-sections -fdata-sections -Wall -fstack-usage -fcyclomatic-complexity -MMD -MP -MF"Core/Src/main.d" -MT"Core/Src/main.o" --specs=nano.specs -mfpu=fpv4-sp-d16 -mfloat-abi=hard -mthumb -o "Core/Src/main.o"
arm-none-eabi-gcc -o "MQ2_intr.elf" @"objects.list"   -mcpu=cortex-m4 -T"/home/sunbeam/Desktop/codes/MQ2_intr/MQ2_intr/STM32F407VGTX_FLASH.ld" --specs=nosys.specs -Wl,-Map="MQ2_intr.map" -Wl,--gc-sections -static --specs=nano.specs -mfpu=fpv4-sp-d16 -mfloat-abi=hard -mthumb -Wl,--start-group -lc -lm -Wl,--end-group
Finished building target: MQ2_intr.elf
 
arm-none-eabi-size  MQ2_intr.elf 
arm-none-eabi-objdump -h -S MQ2_intr.elf  > "MQ2_intr.list"
   text	   data	    bss	    dec	    hex	filename
   6176	     12	   1572	   7760	   1e50	MQ2_intr.elf
Finished building: default.size.stdout
 
Finished building: MQ2_intr.list
 
16:29:05 **** Incremental Build of configuration Debug for project MQ2_intr ****
make -j8 all 
arm-none-eabi-size  MQ2_intr.elf 
   text	   data	    bss	    dec	    hex	filename
   6176	     12	   1572	   7760	   1e50	MQ2_intr.elf
Finished building: default.size.stdout
 
16:31:25 **** Incremental Build of configuration Debug for project MQ2_intr ****
make -j8 all 
arm-none-eabi-gcc "../Core/Src/main.c" -mcpu=cortex-m4 -std=gnu11 -g3 -DDEBUG -DUSE_HAL_DRIVER -DSTM32F407xx -c -I../Core/Inc -I../Drivers/STM32F4xx_HAL_Driver/Inc -I../Drivers/STM32F4xx_HAL_Driver/Inc/Legacy -I../Drivers/CMSIS/Device/ST/STM32F4xx/Include -I../Drivers/CMSIS/Include -O0 -ffunction-sections -fdata-sections -Wall -fstack-usage -fcyclomatic-complexity -MMD -MP -MF"Core/Src/main.d" -MT"Core/Src/main.o" --specs=nano.specs -mfpu=fpv4-sp-d16 -mfloat-abi=hard -mthumb -o "Core/Src/main.o"
arm-none-eabi-gcc -o "MQ2_intr.elf" @"objects.list"   -mcpu=cortex-m4 -T"/home/sunbeam/Desktop/codes/MQ2_intr/MQ2_intr/STM32F407VGTX_FLASH.ld" --specs=nosys.specs -Wl,-Map="MQ2_intr.map" -Wl,--gc-sections -static --specs=nano.specs -mfpu=fpv4-sp-d16 -mfloat-abi=hard -mthumb -Wl,--start-group -lc -lm -Wl,--end-group
Finished building target: MQ2_intr.elf
 
arm-none-eabi-size  MQ2_intr.elf 
arm-none-eabi-objdump -h -S MQ2_intr.elf  > "MQ2_intr.list"
   text	   data	    bss	    dec	    hex	filename
   6172	     12	   1572	   7756	   1e4c	MQ2_intr.elf
Finished building: default.size.stdout
 
Finished building: MQ2_intr.list
 
16:35:38 **** Incremental Build of configuration Debug for project MQ2_intr ****
make -j8 all 
arm-none-eabi-gcc "../Core/Src/main.c" -mcpu=cortex-m4 -std=gnu11 -g3 -DDEBUG -DUSE_HAL_DRIVER -DSTM32F407xx -c -I../Core/Inc -I../Drivers/STM32F4xx_HAL_Driver/Inc -I../Drivers/STM32F4xx_HAL_Driver/Inc/Legacy -I../Drivers/CMSIS/Device/ST/STM32F4xx/Include -I../Drivers/CMSIS/Include -O0 -ffunction-sections -fdata-sections -Wall -fstack-usage -fcyclomatic-complexity -MMD -MP -MF"Core/Src/main.d" -MT"Core/Src/main.o" --specs=nano.specs -mfpu=fpv4-sp-d16 -mfloat-abi=hard -mthumb -o "Core/Src/main.o"
arm-none-eabi-gcc -o "MQ2_intr.elf" @"objects.list"   -mcpu=cortex-m4 -T"/home/sunbeam/Desktop/codes/MQ2_intr/MQ2_intr/STM32F407VGTX_FLASH.ld" --specs=nosys.specs -Wl,-Map="MQ2_intr.map" -Wl,--gc-sections -static --specs=nano.specs -mfpu=fpv4-sp-d16 -mfloat-abi=hard -mthumb -Wl,--start-group -lc -lm -Wl,--end-group
Finished building target: MQ2_intr.elf
 
arm-none-eabi-size  MQ2_intr.elf 
arm-none-eabi-objdump -h -S MQ2_intr.elf  > "MQ2_intr.list"
   text	   data	    bss	    dec	    hex	filename
   6124	     12	   1572	   7708	   1e1c	MQ2_intr.elf
Finished building: default.size.stdout
 
Finished building: MQ2_intr.list
 
16:36:51 **** Incremental Build of configuration Debug for project MQ2_intr ****
make -j8 all 
arm-none-eabi-gcc "../Core/Src/main.c" -mcpu=cortex-m4 -std=gnu11 -g3 -DDEBUG -DUSE_HAL_DRIVER -DSTM32F407xx -c -I../Core/Inc -I../Drivers/STM32F4xx_HAL_Driver/Inc -I../Drivers/STM32F4xx_HAL_Driver/Inc/Legacy -I../Drivers/CMSIS/Device/ST/STM32F4xx/Include -I../Drivers/CMSIS/Include -O0 -ffunction-sections -fdata-sections -Wall -fstack-usage -fcyclomatic-complexity -MMD -MP -MF"Core/Src/main.d" -MT"Core/Src/main.o" --specs=nano.specs -mfpu=fpv4-sp-d16 -mfloat-abi=hard -mthumb -o "Core/Src/main.o"
arm-none-eabi-gcc -o "MQ2_intr.elf" @"objects.list"   -mcpu=cortex-m4 -T"/home/sunbeam/Desktop/codes/MQ2_intr/MQ2_intr/STM32F407VGTX_FLASH.ld" --specs=nosys.specs -Wl,-Map="MQ2_intr.map" -Wl,--gc-sections -static --specs=nano.specs -mfpu=fpv4-sp-d16 -mfloat-abi=hard -mthumb -Wl,--start-group -lc -lm -Wl,--end-group
Finished building target: MQ2_intr.elf
 
arm-none-eabi-size  MQ2_intr.elf 
arm-none-eabi-objdump -h -S MQ2_intr.elf  > "MQ2_intr.list"
   text	   data	    bss	    dec	    hex	filename
   6212	     12	   1572	   7796	   1e74	MQ2_intr.elf
Finished building: default.size.stdout
 
Finished building: MQ2_intr.list
 
16:38:27 **** Incremental Build of configuration Debug for project MQ2_intr ****
make -j8 all 
arm-none-eabi-gcc "../Core/Src/main.c" -mcpu=cortex-m4 -std=gnu11 -g3 -DDEBUG -DUSE_HAL_DRIVER -DSTM32F407xx -c -I../Core/Inc -I../Drivers/STM32F4xx_HAL_Driver/Inc -I../Drivers/STM32F4xx_HAL_Driver/Inc/Legacy -I../Drivers/CMSIS/Device/ST/STM32F4xx/Include -I../Drivers/CMSIS/Include -O0 -ffunction-sections -fdata-sections -Wall -fstack-usage -fcyclomatic-complexity -MMD -MP -MF"Core/Src/main.d" -MT"Core/Src/main.o" --specs=nano.specs -mfpu=fpv4-sp-d16 -mfloat-abi=hard -mthumb -o "Core/Src/main.o"
arm-none-eabi-gcc -o "MQ2_intr.elf" @"objects.list"   -mcpu=cortex-m4 -T"/home/sunbeam/Desktop/codes/MQ2_intr/MQ2_intr/STM32F407VGTX_FLASH.ld" --specs=nosys.specs -Wl,-Map="MQ2_intr.map" -Wl,--gc-sections -static --specs=nano.specs -mfpu=fpv4-sp-d16 -mfloat-abi=hard -mthumb -Wl,--start-group -lc -lm -Wl,--end-group
Finished building target: MQ2_intr.elf
 
arm-none-eabi-size  MQ2_intr.elf 
arm-none-eabi-objdump -h -S MQ2_intr.elf  > "MQ2_intr.list"
   text	   data	    bss	    dec	    hex	filename
   6124	     12	   1572	   7708	   1e1c	MQ2_intr.elf
Finished building: default.size.stdout
 
Finished building: MQ2_intr.list
 
16:45:18 **** Incremental Build of configuration Debug for project MQ2_intr ****
make -j8 all 
arm-none-eabi-gcc "../Core/Src/main.c" -mcpu=cortex-m4 -std=gnu11 -g3 -DDEBUG -DUSE_HAL_DRIVER -DSTM32F407xx -c -I../Core/Inc -I../Drivers/STM32F4xx_HAL_Driver/Inc -I../Drivers/STM32F4xx_HAL_Driver/Inc/Legacy -I../Drivers/CMSIS/Device/ST/STM32F4xx/Include -I../Drivers/CMSIS/Include -O0 -ffunction-sections -fdata-sections -Wall -fstack-usage -fcyclomatic-complexity -MMD -MP -MF"Core/Src/main.d" -MT"Core/Src/main.o" --specs=nano.specs -mfpu=fpv4-sp-d16 -mfloat-abi=hard -mthumb -o "Core/Src/main.o"
arm-none-eabi-gcc -o "MQ2_intr.elf" @"objects.list"   -mcpu=cortex-m4 -T"/home/sunbeam/Desktop/codes/MQ2_intr/MQ2_intr/STM32F407VGTX_FLASH.ld" --specs=nosys.specs -Wl,-Map="MQ2_intr.map" -Wl,--gc-sections -static --specs=nano.specs -mfpu=fpv4-sp-d16 -mfloat-abi=hard -mthumb -Wl,--start-group -lc -lm -Wl,--end-group
Finished building target: MQ2_intr.elf
 
arm-none-eabi-size  MQ2_intr.elf 
arm-none-eabi-objdump -h -S MQ2_intr.elf  > "MQ2_intr.list"
   text	   data	    bss	    dec	    hex	filename
   6216	     12	   1572	   7800	   1e78	MQ2_intr.elf
Finished building: default.size.stdout
 
Finished building: MQ2_intr.list
 
16:48:07 **** Incremental Build of configuration Debug for project MQ2_intr ****
make -j8 all 
arm-none-eabi-gcc "../Core/Src/main.c" -mcpu=cortex-m4 -std=gnu11 -g3 -DDEBUG -DUSE_HAL_DRIVER -DSTM32F407xx -c -I../Core/Inc -I../Drivers/STM32F4xx_HAL_Driver/Inc -I../Drivers/STM32F4xx_HAL_Driver/Inc/Legacy -I../Drivers/CMSIS/Device/ST/STM32F4xx/Include -I../Drivers/CMSIS/Include -O0 -ffunction-sections -fdata-sections -Wall -fstack-usage -fcyclomatic-complexity -MMD -MP -MF"Core/Src/main.d" -MT"Core/Src/main.o" --specs=nano.specs -mfpu=fpv4-sp-d16 -mfloat-abi=hard -mthumb -o "Core/Src/main.o"
arm-none-eabi-gcc -o "MQ2_intr.elf" @"objects.list"   -mcpu=cortex-m4 -T"/home/sunbeam/Desktop/codes/MQ2_intr/MQ2_intr/STM32F407VGTX_FLASH.ld" --specs=nosys.specs -Wl,-Map="MQ2_intr.map" -Wl,--gc-sections -static --specs=nano.specs -mfpu=fpv4-sp-d16 -mfloat-abi=hard -mthumb -Wl,--start-group -lc -lm -Wl,--end-group
Finished building target: MQ2_intr.elf
 
arm-none-eabi-size  MQ2_intr.elf 
arm-none-eabi-objdump -h -S MQ2_intr.elf  > "MQ2_intr.list"
   text	   data	    bss	    dec	    hex	filename
   6204	     12	   1572	   7788	   1e6c	MQ2_intr.elf
Finished building: default.size.stdout
 
Finished building: MQ2_intr.list
 
